// Jest Snapshot v1, https://goo.gl/fbAQLP

exports[`PrimaryButton Renders correctly 1`] = `
<View
  accessible={true}
  isTVSelectable={true}
  onResponderGrant={[Function]}
  onResponderMove={[Function]}
  onResponderRelease={[Function]}
  onResponderTerminate={[Function]}
  onResponderTerminationRequest={[Function]}
  onStartShouldSetResponder={[Function]}
  style={
    Object {
      "opacity": 1,
    }
  }
>
  <ExponentLinearGradient
    colors={
      Array [
        4278481116,
        4280505226,
      ]
    }
    endPoint={
      Array [
        1,
        1,
      ]
    }
    startPoint={
      Array [
        0,
        0,
      ]
    }
    style={
      Object {
        "borderRadius": 20,
        "elevation": 3,
        "marginBottom": 20,
        "marginLeft": 40,
        "marginRight": 40,
        "marginTop": 30,
        "padding": 20,
      }
    }
  >
    <Text
      style={
        Object {
          "color": "white",
          "fontFamily": "montserrat-extra-bold",
          "fontSize": 20,
          "textAlign": "center",
        }
      }
    />
  </ExponentLinearGradient>
</View>
`;

exports[`Rounded Input Renders correctly 1`] = `
<View>
  <Text
    style={
      Object {
        "color": "white",
        "fontFamily": "montserrat-extra-bold",
        "fontSize": 20,
        "marginBottom": 10,
        "marginLeft": 10,
        "marginTop": 20,
      }
    }
  />
  <TextInput
    allowFontScaling={true}
    onChangeText={[Function]}
    style={
      Object {
        "backgroundColor": "white",
        "borderRadius": 20,
        "color": "black",
        "fontFamily": "montserrat-extra-bold",
        "fontSize": 20,
        "padding": 20,
        "width": 360,
      }
    }
    underlineColorAndroid="transparent"
  />
</View>
`;
