// Jest Snapshot v1, https://goo.gl/fbAQLP

exports[`TurnViewWithDate renders correctly 1`] = `
<View
  style={
    Object {
      "width": 55,
    }
  }
>
  <ExponentLinearGradient
    colors={
      Array [
        4279017174,
        4278481116,
      ]
    }
    endPoint={
      Array [
        0,
        1,
      ]
    }
    startPoint={
      Array [
        0,
        0,
      ]
    }
    style={
      Object {
        "height": 30,
        "justifyContent": "center",
      }
    }
  >
    <Text
      style={
        Object {
          "color": "white",
          "fontFamily": "montserrat-extra-bold",
          "fontSize": 20,
          "textAlign": "center",
        }
      }
    >
      M 1
    </Text>
  </ExponentLinearGradient>
  <ExponentLinearGradient
    colors={
      Array [
        4294572537,
        4291742924,
      ]
    }
    endPoint={
      Array [
        0,
        1,
      ]
    }
    startPoint={
      Array [
        0,
        0,
      ]
    }
    style={
      Object {
        "borderRightColor": "#c5c9cc",
        "borderRightWidth": 0.5,
        "height": 60,
        "justifyContent": "center",
        "padding": 10,
      }
    }
  >
    <Text
      style={
        Object {
          "color": "black",
          "fontFamily": "montserrat-extra-bold",
          "fontSize": 23,
          "textAlign": "center",
        }
      }
    >
      M
    </Text>
  </ExponentLinearGradient>
</View>
`;
