// Jest Snapshot v1, https://goo.gl/fbAQLP

exports[`TurnDeck Renders correctly 1`] = `
<View
  style={
    Object {
      "alignItems": "center",
    }
  }
>
  <Text
    allowFontScaling={false}
    style={
      Object {
        "color": "#332554",
        "fontFamily": "montserrat-extra-bold",
        "fontSize": 38.95833442608516,
        "marginTop": 30,
        "textAlign": "left",
        "width": 712.5,
      }
    }
  >
    Mi turno de Febrero
  </Text>
  <View
    onLayout={[Function]}
    style={
      Object {
        "borderRadius": 35.5,
        "elevation": 15,
        "height": 159.5,
        "marginTop": 10,
        "overflow": "hidden",
        "width": 712.5,
      }
    }
  />
</View>
`;
