// Jest Snapshot v1, https://goo.gl/fbAQLP

exports[`NameColumn tests Matches the Snapshot 1`] = `
<View
  style={
    Object {
      "marginRight": 20,
      "marginTop": 45,
    }
  }
/>
`;

exports[`NameColumn tests RenderItem method works properly in the FlatList 1`] = `
<Component
  allowFontScaling={false}
  style={
    Object {
      "fontFamily": "big-noodle-titling",
      "fontSize": 30,
      "paddingBottom": 10,
    }
  }
>
  Ana
</Component>
`;
