// Jest Snapshot v1, https://goo.gl/fbAQLP

exports[`PurposalsQueue View Matches the Snapshot when there are no purposals 1`] = `
<Text
  style={
    Object {
      "color": "#3f2606",
      "fontFamily": "montserrat-extra-bold",
      "fontSize": 35.416667660079604,
      "marginLeft": 17.5,
      "marginTop": 70,
    }
  }
>
  No hay propuestas todav√≠a
</Text>
`;

exports[`PurposalsQueue View Matches the Snapshot when there are purposals 1`] = `null`;
